// Jest Snapshot v1, https://jestjs.io/docs/snapshot-testing

exports[`black box test compiles kitty.ts 1`] = `
""use strict";
Object.defineProperty(exports, "__esModule", { value: true });
exports.GET = void 0;
const GET = ($) => {
    return $.response[200].random();
};
exports.GET = GET;
"
`;

exports[`black box test creates a file for the /hello/kitty path 1`] = `
"import type { HTTP_GET } from "../../types/paths/hello/kitty.types.js";

export const GET: HTTP_GET = ($) => {
  return $.response[200].random();
};
"
`;

exports[`black box test responds to a GET request 1`] = `"<img src="https://upload.wikimedia.org/wikipedia/en/0/05/Hello_kitty_character_portrait.png">"`;
